stm32f1_ili9341.c:111:6:ILI9341_demo	24	static
stm32f1_ili9341.c:141:6:ILI9341_Init	16	static
stm32f1_ili9341.c:177:6:ILI9341_setConfig	8	static
stm32f1_ili9341.c:187:6:ILI9341_InitLCD	8	static
stm32f1_ili9341.c:343:6:ILI9341_DisplayOn	8	static
stm32f1_ili9341.c:352:6:ILI9341_DisplayOff	8	static
stm32f1_ili9341.c:361:6:ILI9341_SendCommand	16	static
stm32f1_ili9341.c:377:6:ILI9341_SendData	16	static
stm32f1_ili9341.c:385:6:ILI9341_ReadDatas	16	static
stm32f1_ili9341.c:401:6:ILI9341_DrawPixel	16	static
stm32f1_ili9341.c:409:10:ILI9341_ReadPixel	416	static
stm32f1_ili9341.c:425:6:ILI9341_SetCursorPosition	24	static
stm32f1_ili9341.c:444:6:ILI9341_Fill	24	static
stm32f1_ili9341.c:458:6:ILI9341_INT_Fill	40	static
stm32f1_ili9341.c:503:6:ILI9341_Delay	16	static
stm32f1_ili9341.c:512:6:ILI9341_Rotate	16	static
stm32f1_ili9341.c:552:6:ILI9341_Puts	40	static
stm32f1_ili9341.c:595:6:ILI9341_PutBigs	48	static
stm32f1_ili9341.c:638:6:ILI9341_GetStringSize	32	static
stm32f1_ili9341.c:657:6:ILI9341_Putc	64	static
stm32f1_ili9341.c:707:6:ILI9341_PutBigc	72	static
stm32f1_ili9341.c:769:6:ILI9341_DrawLine	64	static
stm32f1_ili9341.c:850:6:ILI9341_DrawRectangle	32	static
stm32f1_ili9341.c:866:6:ILI9341_DrawFilledRectangle	40	static
stm32f1_ili9341.c:896:6:ILI9341_DrawCircle	40	static
stm32f1_ili9341.c:938:6:ILI9341_DrawFilledCircle	48	static
stm32f1_ili9341.c:974:18:ILI9341_getOptions	16	static
stm32f1_ili9341.c:988:6:ILI9341_printf	304	static
stm32f1_ili9341.c:1019:6:ILI9341_putImage	32	static
stm32f1_ili9341.c:1057:6:ILI9341_putImage_monochrome	40	static
